<!doctype html public "-//w3c//dtd html 4.0 transitional//en">
<html><head>
<title>Static Call Graph - [.\out\SWM181_stdperiph_lib.axf]</title></head>
<body><HR>
<H1>Static Call Graph for image .\out\SWM181_stdperiph_lib.axf</H1><HR>
<BR><P>#&#060CALLGRAPH&#062# ARM Linker, 5060750: Last Updated: Tue Aug 22 17:52:06 2023
<BR><P>
<H3>Maximum Stack Usage =         76 bytes + Unknown(Cycles, Untraceable Function Pointers)</H3><H3>
Call chain for Maximum Stack Depth:</H3>
main &rArr; GPIO_Init &rArr; PORT_Init
<P>
<H3>
Mutually Recursive functions
</H3> <LI><a href="#[1]">NMI_Handler</a>&nbsp;&nbsp;&nbsp;&rArr;&nbsp;&nbsp;&nbsp;<a href="#[1]">NMI_Handler</a><BR>
 <LI><a href="#[2]">HardFault_Handler</a>&nbsp;&nbsp;&nbsp;&rArr;&nbsp;&nbsp;&nbsp;<a href="#[2]">HardFault_Handler</a><BR>
 <LI><a href="#[3]">SVC_Handler</a>&nbsp;&nbsp;&nbsp;&rArr;&nbsp;&nbsp;&nbsp;<a href="#[3]">SVC_Handler</a><BR>
 <LI><a href="#[4]">PendSV_Handler</a>&nbsp;&nbsp;&nbsp;&rArr;&nbsp;&nbsp;&nbsp;<a href="#[4]">PendSV_Handler</a><BR>
 <LI><a href="#[5]">SysTick_Handler</a>&nbsp;&nbsp;&nbsp;&rArr;&nbsp;&nbsp;&nbsp;<a href="#[5]">SysTick_Handler</a><BR>
 <LI><a href="#[6]">IRQ0_Handler</a>&nbsp;&nbsp;&nbsp;&rArr;&nbsp;&nbsp;&nbsp;<a href="#[6]">IRQ0_Handler</a><BR>
 <LI><a href="#[7]">IRQ1_Handler</a>&nbsp;&nbsp;&nbsp;&rArr;&nbsp;&nbsp;&nbsp;<a href="#[7]">IRQ1_Handler</a><BR>
 <LI><a href="#[8]">IRQ2_Handler</a>&nbsp;&nbsp;&nbsp;&rArr;&nbsp;&nbsp;&nbsp;<a href="#[8]">IRQ2_Handler</a><BR>
 <LI><a href="#[9]">IRQ3_Handler</a>&nbsp;&nbsp;&nbsp;&rArr;&nbsp;&nbsp;&nbsp;<a href="#[9]">IRQ3_Handler</a><BR>
 <LI><a href="#[a]">IRQ4_Handler</a>&nbsp;&nbsp;&nbsp;&rArr;&nbsp;&nbsp;&nbsp;<a href="#[a]">IRQ4_Handler</a><BR>
 <LI><a href="#[b]">IRQ5_Handler</a>&nbsp;&nbsp;&nbsp;&rArr;&nbsp;&nbsp;&nbsp;<a href="#[b]">IRQ5_Handler</a><BR>
 <LI><a href="#[c]">IRQ6_Handler</a>&nbsp;&nbsp;&nbsp;&rArr;&nbsp;&nbsp;&nbsp;<a href="#[c]">IRQ6_Handler</a><BR>
 <LI><a href="#[d]">IRQ7_Handler</a>&nbsp;&nbsp;&nbsp;&rArr;&nbsp;&nbsp;&nbsp;<a href="#[d]">IRQ7_Handler</a><BR>
 <LI><a href="#[e]">IRQ8_Handler</a>&nbsp;&nbsp;&nbsp;&rArr;&nbsp;&nbsp;&nbsp;<a href="#[e]">IRQ8_Handler</a><BR>
 <LI><a href="#[f]">IRQ9_Handler</a>&nbsp;&nbsp;&nbsp;&rArr;&nbsp;&nbsp;&nbsp;<a href="#[f]">IRQ9_Handler</a><BR>
 <LI><a href="#[10]">IRQ10_Handler</a>&nbsp;&nbsp;&nbsp;&rArr;&nbsp;&nbsp;&nbsp;<a href="#[10]">IRQ10_Handler</a><BR>
 <LI><a href="#[11]">IRQ11_Handler</a>&nbsp;&nbsp;&nbsp;&rArr;&nbsp;&nbsp;&nbsp;<a href="#[11]">IRQ11_Handler</a><BR>
 <LI><a href="#[12]">IRQ12_Handler</a>&nbsp;&nbsp;&nbsp;&rArr;&nbsp;&nbsp;&nbsp;<a href="#[12]">IRQ12_Handler</a><BR>
 <LI><a href="#[13]">IRQ13_Handler</a>&nbsp;&nbsp;&nbsp;&rArr;&nbsp;&nbsp;&nbsp;<a href="#[13]">IRQ13_Handler</a><BR>
 <LI><a href="#[14]">IRQ14_Handler</a>&nbsp;&nbsp;&nbsp;&rArr;&nbsp;&nbsp;&nbsp;<a href="#[14]">IRQ14_Handler</a><BR>
 <LI><a href="#[15]">IRQ15_Handler</a>&nbsp;&nbsp;&nbsp;&rArr;&nbsp;&nbsp;&nbsp;<a href="#[15]">IRQ15_Handler</a><BR>
 <LI><a href="#[16]">IRQ16_Handler</a>&nbsp;&nbsp;&nbsp;&rArr;&nbsp;&nbsp;&nbsp;<a href="#[16]">IRQ16_Handler</a><BR>
 <LI><a href="#[17]">IRQ17_Handler</a>&nbsp;&nbsp;&nbsp;&rArr;&nbsp;&nbsp;&nbsp;<a href="#[17]">IRQ17_Handler</a><BR>
 <LI><a href="#[18]">IRQ18_Handler</a>&nbsp;&nbsp;&nbsp;&rArr;&nbsp;&nbsp;&nbsp;<a href="#[18]">IRQ18_Handler</a><BR>
 <LI><a href="#[19]">IRQ19_Handler</a>&nbsp;&nbsp;&nbsp;&rArr;&nbsp;&nbsp;&nbsp;<a href="#[19]">IRQ19_Handler</a><BR>
 <LI><a href="#[1a]">IRQ20_Handler</a>&nbsp;&nbsp;&nbsp;&rArr;&nbsp;&nbsp;&nbsp;<a href="#[1a]">IRQ20_Handler</a><BR>
 <LI><a href="#[1b]">IRQ21_Handler</a>&nbsp;&nbsp;&nbsp;&rArr;&nbsp;&nbsp;&nbsp;<a href="#[1b]">IRQ21_Handler</a><BR>
 <LI><a href="#[1c]">IRQ22_Handler</a>&nbsp;&nbsp;&nbsp;&rArr;&nbsp;&nbsp;&nbsp;<a href="#[1c]">IRQ22_Handler</a><BR>
 <LI><a href="#[1d]">IRQ23_Handler</a>&nbsp;&nbsp;&nbsp;&rArr;&nbsp;&nbsp;&nbsp;<a href="#[1d]">IRQ23_Handler</a><BR>
 <LI><a href="#[1e]">IRQ24_Handler</a>&nbsp;&nbsp;&nbsp;&rArr;&nbsp;&nbsp;&nbsp;<a href="#[1e]">IRQ24_Handler</a><BR>
 <LI><a href="#[1f]">IRQ25_Handler</a>&nbsp;&nbsp;&nbsp;&rArr;&nbsp;&nbsp;&nbsp;<a href="#[1f]">IRQ25_Handler</a><BR>
 <LI><a href="#[20]">IRQ26_Handler</a>&nbsp;&nbsp;&nbsp;&rArr;&nbsp;&nbsp;&nbsp;<a href="#[20]">IRQ26_Handler</a><BR>
 <LI><a href="#[21]">IRQ27_Handler</a>&nbsp;&nbsp;&nbsp;&rArr;&nbsp;&nbsp;&nbsp;<a href="#[21]">IRQ27_Handler</a><BR>
 <LI><a href="#[22]">IRQ28_Handler</a>&nbsp;&nbsp;&nbsp;&rArr;&nbsp;&nbsp;&nbsp;<a href="#[22]">IRQ28_Handler</a><BR>
 <LI><a href="#[23]">IRQ29_Handler</a>&nbsp;&nbsp;&nbsp;&rArr;&nbsp;&nbsp;&nbsp;<a href="#[23]">IRQ29_Handler</a><BR>
 <LI><a href="#[24]">IRQ30_Handler</a>&nbsp;&nbsp;&nbsp;&rArr;&nbsp;&nbsp;&nbsp;<a href="#[24]">IRQ30_Handler</a><BR>
 <LI><a href="#[25]">IRQ31_Handler</a>&nbsp;&nbsp;&nbsp;&rArr;&nbsp;&nbsp;&nbsp;<a href="#[25]">IRQ31_Handler</a><BR>
</UL>
<P>
<H3>
Function Pointers
</H3><UL>
 <LI><a href="#[2]">HardFault_Handler</a> from startup_swm181.o(.text) referenced from startup_swm181.o(RESET)
 <LI><a href="#[6]">IRQ0_Handler</a> from startup_swm181.o(.text) referenced from startup_swm181.o(RESET)
 <LI><a href="#[10]">IRQ10_Handler</a> from startup_swm181.o(.text) referenced from startup_swm181.o(RESET)
 <LI><a href="#[11]">IRQ11_Handler</a> from startup_swm181.o(.text) referenced from startup_swm181.o(RESET)
 <LI><a href="#[12]">IRQ12_Handler</a> from startup_swm181.o(.text) referenced from startup_swm181.o(RESET)
 <LI><a href="#[13]">IRQ13_Handler</a> from startup_swm181.o(.text) referenced from startup_swm181.o(RESET)
 <LI><a href="#[14]">IRQ14_Handler</a> from startup_swm181.o(.text) referenced from startup_swm181.o(RESET)
 <LI><a href="#[15]">IRQ15_Handler</a> from startup_swm181.o(.text) referenced from startup_swm181.o(RESET)
 <LI><a href="#[16]">IRQ16_Handler</a> from startup_swm181.o(.text) referenced from startup_swm181.o(RESET)
 <LI><a href="#[17]">IRQ17_Handler</a> from startup_swm181.o(.text) referenced from startup_swm181.o(RESET)
 <LI><a href="#[18]">IRQ18_Handler</a> from startup_swm181.o(.text) referenced from startup_swm181.o(RESET)
 <LI><a href="#[19]">IRQ19_Handler</a> from startup_swm181.o(.text) referenced from startup_swm181.o(RESET)
 <LI><a href="#[7]">IRQ1_Handler</a> from startup_swm181.o(.text) referenced from startup_swm181.o(RESET)
 <LI><a href="#[1a]">IRQ20_Handler</a> from startup_swm181.o(.text) referenced from startup_swm181.o(RESET)
 <LI><a href="#[1b]">IRQ21_Handler</a> from startup_swm181.o(.text) referenced from startup_swm181.o(RESET)
 <LI><a href="#[1c]">IRQ22_Handler</a> from startup_swm181.o(.text) referenced from startup_swm181.o(RESET)
 <LI><a href="#[1d]">IRQ23_Handler</a> from startup_swm181.o(.text) referenced from startup_swm181.o(RESET)
 <LI><a href="#[1e]">IRQ24_Handler</a> from startup_swm181.o(.text) referenced from startup_swm181.o(RESET)
 <LI><a href="#[1f]">IRQ25_Handler</a> from startup_swm181.o(.text) referenced from startup_swm181.o(RESET)
 <LI><a href="#[20]">IRQ26_Handler</a> from startup_swm181.o(.text) referenced from startup_swm181.o(RESET)
 <LI><a href="#[21]">IRQ27_Handler</a> from startup_swm181.o(.text) referenced from startup_swm181.o(RESET)
 <LI><a href="#[22]">IRQ28_Handler</a> from startup_swm181.o(.text) referenced from startup_swm181.o(RESET)
 <LI><a href="#[23]">IRQ29_Handler</a> from startup_swm181.o(.text) referenced from startup_swm181.o(RESET)
 <LI><a href="#[8]">IRQ2_Handler</a> from startup_swm181.o(.text) referenced from startup_swm181.o(RESET)
 <LI><a href="#[24]">IRQ30_Handler</a> from startup_swm181.o(.text) referenced from startup_swm181.o(RESET)
 <LI><a href="#[25]">IRQ31_Handler</a> from startup_swm181.o(.text) referenced from startup_swm181.o(RESET)
 <LI><a href="#[9]">IRQ3_Handler</a> from startup_swm181.o(.text) referenced from startup_swm181.o(RESET)
 <LI><a href="#[a]">IRQ4_Handler</a> from startup_swm181.o(.text) referenced from startup_swm181.o(RESET)
 <LI><a href="#[b]">IRQ5_Handler</a> from startup_swm181.o(.text) referenced from startup_swm181.o(RESET)
 <LI><a href="#[c]">IRQ6_Handler</a> from startup_swm181.o(.text) referenced from startup_swm181.o(RESET)
 <LI><a href="#[d]">IRQ7_Handler</a> from startup_swm181.o(.text) referenced from startup_swm181.o(RESET)
 <LI><a href="#[e]">IRQ8_Handler</a> from startup_swm181.o(.text) referenced from startup_swm181.o(RESET)
 <LI><a href="#[f]">IRQ9_Handler</a> from startup_swm181.o(.text) referenced from startup_swm181.o(RESET)
 <LI><a href="#[1]">NMI_Handler</a> from startup_swm181.o(.text) referenced from startup_swm181.o(RESET)
 <LI><a href="#[4]">PendSV_Handler</a> from startup_swm181.o(.text) referenced from startup_swm181.o(RESET)
 <LI><a href="#[0]">Reset_Handler</a> from startup_swm181.o(.text) referenced from startup_swm181.o(RESET)
 <LI><a href="#[3]">SVC_Handler</a> from startup_swm181.o(.text) referenced from startup_swm181.o(RESET)
 <LI><a href="#[5]">SysTick_Handler</a> from startup_swm181.o(.text) referenced from startup_swm181.o(RESET)
 <LI><a href="#[27]">__main</a> from entry.o(.ARM.Collect$$$$00000000) referenced from startup_swm181.o(.text)
 <LI><a href="#[28]">fputc</a> from main.o(.text) referenced from printfb.o(i.__0printf$bare)
 <LI><a href="#[26]">main</a> from main.o(.text) referenced from entry9a.o(.ARM.Collect$$$$0000000B)
</UL>
<P>
<H3>
Global Symbols
</H3>
<P><STRONG><a name="[27]"></a>__main</STRONG> (Thumb, 0 bytes, Stack size unknown bytes, entry.o(.ARM.Collect$$$$00000000))
<BR>[Address Reference Count : 1]<UL><LI> startup_swm181.o(.text)
</UL>
<P><STRONG><a name="[44]"></a>_main_stk</STRONG> (Thumb, 0 bytes, Stack size unknown bytes, entry2.o(.ARM.Collect$$$$00000001))

<P><STRONG><a name="[29]"></a>_main_scatterload</STRONG> (Thumb, 0 bytes, Stack size unknown bytes, entry5.o(.ARM.Collect$$$$00000004))
<BR><BR>[Calls]<UL><LI><a href="#[2a]">&gt;&gt;</a>&nbsp;&nbsp;&nbsp;__scatterload
</UL>

<P><STRONG><a name="[41]"></a>__main_after_scatterload</STRONG> (Thumb, 0 bytes, Stack size unknown bytes, entry5.o(.ARM.Collect$$$$00000004))
<BR><BR>[Called By]<UL><LI><a href="#[2a]">&gt;&gt;</a>&nbsp;&nbsp;&nbsp;__scatterload
</UL>

<P><STRONG><a name="[45]"></a>_main_clock</STRONG> (Thumb, 0 bytes, Stack size unknown bytes, entry7b.o(.ARM.Collect$$$$00000008))

<P><STRONG><a name="[46]"></a>_main_cpp_init</STRONG> (Thumb, 0 bytes, Stack size unknown bytes, entry8b.o(.ARM.Collect$$$$0000000A))

<P><STRONG><a name="[47]"></a>_main_init</STRONG> (Thumb, 0 bytes, Stack size unknown bytes, entry9a.o(.ARM.Collect$$$$0000000B))

<P><STRONG><a name="[48]"></a>__rt_final_cpp</STRONG> (Thumb, 0 bytes, Stack size unknown bytes, entry10a.o(.ARM.Collect$$$$0000000D))

<P><STRONG><a name="[49]"></a>__rt_final_exit</STRONG> (Thumb, 0 bytes, Stack size unknown bytes, entry11a.o(.ARM.Collect$$$$0000000F))

<P><STRONG><a name="[2e]"></a>SerialInit</STRONG> (Thumb, 78 bytes, Stack size 24 bytes, main.o(.text))
<BR><BR>[Stack]<UL><LI>Max Depth = 52<LI>Call Chain = SerialInit &rArr; UART_Init &rArr; __aeabi_uidivmod
</UL>
<BR>[Calls]<UL><LI><a href="#[31]">&gt;&gt;</a>&nbsp;&nbsp;&nbsp;UART_Open
<LI><a href="#[30]">&gt;&gt;</a>&nbsp;&nbsp;&nbsp;UART_Init
<LI><a href="#[2f]">&gt;&gt;</a>&nbsp;&nbsp;&nbsp;PORT_Init
</UL>
<BR>[Called By]<UL><LI><a href="#[26]">&gt;&gt;</a>&nbsp;&nbsp;&nbsp;main
</UL>

<P><STRONG><a name="[26]"></a>main</STRONG> (Thumb, 130 bytes, Stack size 16 bytes, main.o(.text))
<BR><BR>[Stack]<UL><LI>Max Depth = 76<LI>Call Chain = main &rArr; GPIO_Init &rArr; PORT_Init
</UL>
<BR>[Calls]<UL><LI><a href="#[32]">&gt;&gt;</a>&nbsp;&nbsp;&nbsp;SystemInit
<LI><a href="#[35]">&gt;&gt;</a>&nbsp;&nbsp;&nbsp;GPIO_SetBit
<LI><a href="#[33]">&gt;&gt;</a>&nbsp;&nbsp;&nbsp;GPIO_Init
<LI><a href="#[34]">&gt;&gt;</a>&nbsp;&nbsp;&nbsp;GPIO_ClrBit
<LI><a href="#[2e]">&gt;&gt;</a>&nbsp;&nbsp;&nbsp;SerialInit
<LI><a href="#[2d]">&gt;&gt;</a>&nbsp;&nbsp;&nbsp;protothread2
<LI><a href="#[2b]">&gt;&gt;</a>&nbsp;&nbsp;&nbsp;protothread1
<LI><a href="#[36]">&gt;&gt;</a>&nbsp;&nbsp;&nbsp;__2printf
</UL>
<BR>[Address Reference Count : 1]<UL><LI> entry9a.o(.ARM.Collect$$$$0000000B)
</UL>
<P><STRONG><a name="[28]"></a>fputc</STRONG> (Thumb, 28 bytes, Stack size 16 bytes, main.o(.text))
<BR><BR>[Stack]<UL><LI>Max Depth = 16<LI>Call Chain = fputc
</UL>
<BR>[Calls]<UL><LI><a href="#[37]">&gt;&gt;</a>&nbsp;&nbsp;&nbsp;UART_WriteByte
<LI><a href="#[38]">&gt;&gt;</a>&nbsp;&nbsp;&nbsp;UART_IsTXBusy
</UL>
<BR>[Address Reference Count : 1]<UL><LI> printfb.o(i.__0printf$bare)
</UL>
<P><STRONG><a name="[33]"></a>GPIO_Init</STRONG> (Thumb, 234 bytes, Stack size 40 bytes, swm181_gpio.o(.text))
<BR><BR>[Stack]<UL><LI>Max Depth = 60<LI>Call Chain = GPIO_Init &rArr; PORT_Init
</UL>
<BR>[Calls]<UL><LI><a href="#[2f]">&gt;&gt;</a>&nbsp;&nbsp;&nbsp;PORT_Init
</UL>
<BR>[Called By]<UL><LI><a href="#[26]">&gt;&gt;</a>&nbsp;&nbsp;&nbsp;main
</UL>

<P><STRONG><a name="[35]"></a>GPIO_SetBit</STRONG> (Thumb, 12 bytes, Stack size 0 bytes, swm181_gpio.o(.text))
<BR><BR>[Called By]<UL><LI><a href="#[26]">&gt;&gt;</a>&nbsp;&nbsp;&nbsp;main
</UL>

<P><STRONG><a name="[34]"></a>GPIO_ClrBit</STRONG> (Thumb, 12 bytes, Stack size 0 bytes, swm181_gpio.o(.text))
<BR><BR>[Called By]<UL><LI><a href="#[26]">&gt;&gt;</a>&nbsp;&nbsp;&nbsp;main
</UL>

<P><STRONG><a name="[2c]"></a>GPIO_InvBit</STRONG> (Thumb, 12 bytes, Stack size 0 bytes, swm181_gpio.o(.text))
<BR><BR>[Called By]<UL><LI><a href="#[2d]">&gt;&gt;</a>&nbsp;&nbsp;&nbsp;protothread2
<LI><a href="#[2b]">&gt;&gt;</a>&nbsp;&nbsp;&nbsp;protothread1
</UL>

<P><STRONG><a name="[4a]"></a>GPIO_GetBit</STRONG> (Thumb, 10 bytes, Stack size 0 bytes, swm181_gpio.o(.text), UNUSED)

<P><STRONG><a name="[4b]"></a>GPIO_SetBits</STRONG> (Thumb, 18 bytes, Stack size 0 bytes, swm181_gpio.o(.text), UNUSED)

<P><STRONG><a name="[4c]"></a>GPIO_ClrBits</STRONG> (Thumb, 18 bytes, Stack size 0 bytes, swm181_gpio.o(.text), UNUSED)

<P><STRONG><a name="[4d]"></a>GPIO_InvBits</STRONG> (Thumb, 18 bytes, Stack size 0 bytes, swm181_gpio.o(.text), UNUSED)

<P><STRONG><a name="[4e]"></a>GPIO_GetBits</STRONG> (Thumb, 16 bytes, Stack size 0 bytes, swm181_gpio.o(.text), UNUSED)

<P><STRONG><a name="[4f]"></a>GPIO_AtomicSetBit</STRONG> (Thumb, 16 bytes, Stack size 0 bytes, swm181_gpio.o(.text), UNUSED)

<P><STRONG><a name="[50]"></a>GPIO_AtomicClrBit</STRONG> (Thumb, 16 bytes, Stack size 0 bytes, swm181_gpio.o(.text), UNUSED)

<P><STRONG><a name="[51]"></a>GPIO_AtomicInvBit</STRONG> (Thumb, 16 bytes, Stack size 0 bytes, swm181_gpio.o(.text), UNUSED)

<P><STRONG><a name="[52]"></a>GPIO_AtomicSetBits</STRONG> (Thumb, 22 bytes, Stack size 0 bytes, swm181_gpio.o(.text), UNUSED)

<P><STRONG><a name="[53]"></a>GPIO_AtomicClrBits</STRONG> (Thumb, 22 bytes, Stack size 0 bytes, swm181_gpio.o(.text), UNUSED)

<P><STRONG><a name="[54]"></a>GPIO_AtomicInvBits</STRONG> (Thumb, 22 bytes, Stack size 0 bytes, swm181_gpio.o(.text), UNUSED)

<P><STRONG><a name="[39]"></a>UART_Close</STRONG> (Thumb, 12 bytes, Stack size 0 bytes, swm181_uart.o(.text))
<BR><BR>[Called By]<UL><LI><a href="#[30]">&gt;&gt;</a>&nbsp;&nbsp;&nbsp;UART_Init
</UL>

<P><STRONG><a name="[30]"></a>UART_Init</STRONG> (Thumb, 210 bytes, Stack size 16 bytes, swm181_uart.o(.text))
<BR><BR>[Stack]<UL><LI>Max Depth = 28<LI>Call Chain = UART_Init &rArr; __aeabi_uidivmod
</UL>
<BR>[Calls]<UL><LI><a href="#[39]">&gt;&gt;</a>&nbsp;&nbsp;&nbsp;UART_Close
<LI><a href="#[3a]">&gt;&gt;</a>&nbsp;&nbsp;&nbsp;__aeabi_uidivmod
</UL>
<BR>[Called By]<UL><LI><a href="#[2e]">&gt;&gt;</a>&nbsp;&nbsp;&nbsp;SerialInit
</UL>

<P><STRONG><a name="[31]"></a>UART_Open</STRONG> (Thumb, 12 bytes, Stack size 0 bytes, swm181_uart.o(.text))
<BR><BR>[Called By]<UL><LI><a href="#[2e]">&gt;&gt;</a>&nbsp;&nbsp;&nbsp;SerialInit
</UL>

<P><STRONG><a name="[37]"></a>UART_WriteByte</STRONG> (Thumb, 4 bytes, Stack size 0 bytes, swm181_uart.o(.text))
<BR><BR>[Called By]<UL><LI><a href="#[28]">&gt;&gt;</a>&nbsp;&nbsp;&nbsp;fputc
</UL>

<P><STRONG><a name="[55]"></a>UART_ReadByte</STRONG> (Thumb, 20 bytes, Stack size 0 bytes, swm181_uart.o(.text), UNUSED)

<P><STRONG><a name="[38]"></a>UART_IsTXBusy</STRONG> (Thumb, 10 bytes, Stack size 0 bytes, swm181_uart.o(.text))
<BR><BR>[Called By]<UL><LI><a href="#[28]">&gt;&gt;</a>&nbsp;&nbsp;&nbsp;fputc
</UL>

<P><STRONG><a name="[56]"></a>UART_IsRXFIFOEmpty</STRONG> (Thumb, 10 bytes, Stack size 0 bytes, swm181_uart.o(.text), UNUSED)

<P><STRONG><a name="[57]"></a>UART_IsTXFIFOFull</STRONG> (Thumb, 8 bytes, Stack size 0 bytes, swm181_uart.o(.text), UNUSED)

<P><STRONG><a name="[3b]"></a>UART_SetBaudrate</STRONG> (Thumb, 32 bytes, Stack size 8 bytes, swm181_uart.o(.text), UNUSED)
<BR><BR>[Calls]<UL><LI><a href="#[3a]">&gt;&gt;</a>&nbsp;&nbsp;&nbsp;__aeabi_uidivmod
</UL>

<P><STRONG><a name="[3c]"></a>UART_GetBaudrate</STRONG> (Thumb, 22 bytes, Stack size 8 bytes, swm181_uart.o(.text), UNUSED)
<BR><BR>[Calls]<UL><LI><a href="#[3a]">&gt;&gt;</a>&nbsp;&nbsp;&nbsp;__aeabi_uidivmod
</UL>

<P><STRONG><a name="[58]"></a>UART_CTSConfig</STRONG> (Thumb, 22 bytes, Stack size 8 bytes, swm181_uart.o(.text), UNUSED)

<P><STRONG><a name="[59]"></a>UART_CTSLineState</STRONG> (Thumb, 8 bytes, Stack size 0 bytes, swm181_uart.o(.text), UNUSED)

<P><STRONG><a name="[5a]"></a>UART_RTSConfig</STRONG> (Thumb, 28 bytes, Stack size 12 bytes, swm181_uart.o(.text), UNUSED)

<P><STRONG><a name="[5b]"></a>UART_RTSLineState</STRONG> (Thumb, 8 bytes, Stack size 0 bytes, swm181_uart.o(.text), UNUSED)

<P><STRONG><a name="[5c]"></a>UART_LINConfig</STRONG> (Thumb, 22 bytes, Stack size 8 bytes, swm181_uart.o(.text), UNUSED)

<P><STRONG><a name="[5d]"></a>UART_LINGenerate</STRONG> (Thumb, 10 bytes, Stack size 0 bytes, swm181_uart.o(.text), UNUSED)

<P><STRONG><a name="[5e]"></a>UART_LINIsDetected</STRONG> (Thumb, 8 bytes, Stack size 0 bytes, swm181_uart.o(.text), UNUSED)

<P><STRONG><a name="[5f]"></a>UART_LINIsGenerated</STRONG> (Thumb, 8 bytes, Stack size 0 bytes, swm181_uart.o(.text), UNUSED)

<P><STRONG><a name="[60]"></a>UART_ABRStart</STRONG> (Thumb, 90 bytes, Stack size 0 bytes, swm181_uart.o(.text), UNUSED)

<P><STRONG><a name="[61]"></a>UART_ABRIsDone</STRONG> (Thumb, 24 bytes, Stack size 0 bytes, swm181_uart.o(.text), UNUSED)

<P><STRONG><a name="[62]"></a>UART_INTRXThresholdEn</STRONG> (Thumb, 10 bytes, Stack size 0 bytes, swm181_uart.o(.text), UNUSED)

<P><STRONG><a name="[63]"></a>UART_INTRXThresholdDis</STRONG> (Thumb, 10 bytes, Stack size 0 bytes, swm181_uart.o(.text), UNUSED)

<P><STRONG><a name="[64]"></a>UART_INTRXThresholdStat</STRONG> (Thumb, 8 bytes, Stack size 0 bytes, swm181_uart.o(.text), UNUSED)

<P><STRONG><a name="[65]"></a>UART_INTTXThresholdEn</STRONG> (Thumb, 10 bytes, Stack size 0 bytes, swm181_uart.o(.text), UNUSED)

<P><STRONG><a name="[66]"></a>UART_INTTXThresholdDis</STRONG> (Thumb, 10 bytes, Stack size 0 bytes, swm181_uart.o(.text), UNUSED)

<P><STRONG><a name="[67]"></a>UART_INTTXThresholdStat</STRONG> (Thumb, 8 bytes, Stack size 0 bytes, swm181_uart.o(.text), UNUSED)

<P><STRONG><a name="[68]"></a>UART_INTTimeoutEn</STRONG> (Thumb, 12 bytes, Stack size 0 bytes, swm181_uart.o(.text), UNUSED)

<P><STRONG><a name="[69]"></a>UART_INTTimeoutDis</STRONG> (Thumb, 12 bytes, Stack size 0 bytes, swm181_uart.o(.text), UNUSED)

<P><STRONG><a name="[6a]"></a>UART_INTTimeoutStat</STRONG> (Thumb, 8 bytes, Stack size 0 bytes, swm181_uart.o(.text), UNUSED)

<P><STRONG><a name="[6b]"></a>UART_INTTXDoneEn</STRONG> (Thumb, 10 bytes, Stack size 0 bytes, swm181_uart.o(.text), UNUSED)

<P><STRONG><a name="[6c]"></a>UART_INTTXDoneDis</STRONG> (Thumb, 10 bytes, Stack size 0 bytes, swm181_uart.o(.text), UNUSED)

<P><STRONG><a name="[6d]"></a>UART_INTTXDoneStat</STRONG> (Thumb, 8 bytes, Stack size 0 bytes, swm181_uart.o(.text), UNUSED)

<P><STRONG><a name="[2f]"></a>PORT_Init</STRONG> (Thumb, 434 bytes, Stack size 20 bytes, swm181_port.o(.text))
<BR><BR>[Stack]<UL><LI>Max Depth = 20<LI>Call Chain = PORT_Init
</UL>
<BR>[Called By]<UL><LI><a href="#[33]">&gt;&gt;</a>&nbsp;&nbsp;&nbsp;GPIO_Init
<LI><a href="#[2e]">&gt;&gt;</a>&nbsp;&nbsp;&nbsp;SerialInit
<LI><a href="#[3d]">&gt;&gt;</a>&nbsp;&nbsp;&nbsp;switchToXTAL
</UL>

<P><STRONG><a name="[40]"></a>SystemCoreClockUpdate</STRONG> (Thumb, 74 bytes, Stack size 0 bytes, system_swm181.o(.text))
<BR><BR>[Called By]<UL><LI><a href="#[32]">&gt;&gt;</a>&nbsp;&nbsp;&nbsp;SystemInit
</UL>

<P><STRONG><a name="[32]"></a>SystemInit</STRONG> (Thumb, 44 bytes, Stack size 8 bytes, system_swm181.o(.text))
<BR><BR>[Stack]<UL><LI>Max Depth = 8<LI>Call Chain = SystemInit
</UL>
<BR>[Calls]<UL><LI><a href="#[40]">&gt;&gt;</a>&nbsp;&nbsp;&nbsp;SystemCoreClockUpdate
<LI><a href="#[3e]">&gt;&gt;</a>&nbsp;&nbsp;&nbsp;switchToRC32KHz
<LI><a href="#[3f]">&gt;&gt;</a>&nbsp;&nbsp;&nbsp;switchToRC24MHz
</UL>
<BR>[Called By]<UL><LI><a href="#[26]">&gt;&gt;</a>&nbsp;&nbsp;&nbsp;main
</UL>

<P><STRONG><a name="[0]"></a>Reset_Handler</STRONG> (Thumb, 4 bytes, Stack size 0 bytes, startup_swm181.o(.text))
<BR>[Address Reference Count : 1]<UL><LI> startup_swm181.o(RESET)
</UL>
<P><STRONG><a name="[1]"></a>NMI_Handler</STRONG> (Thumb, 2 bytes, Stack size 0 bytes, startup_swm181.o(.text))
<BR><BR>[Calls]<UL><LI><a href="#[1]">&gt;&gt;</a>&nbsp;&nbsp;&nbsp;NMI_Handler
</UL>
<BR>[Called By]<UL><LI><a href="#[1]">&gt;&gt;</a>&nbsp;&nbsp;&nbsp;NMI_Handler
</UL>
<BR>[Address Reference Count : 1]<UL><LI> startup_swm181.o(RESET)
</UL>
<P><STRONG><a name="[2]"></a>HardFault_Handler</STRONG> (Thumb, 2 bytes, Stack size 0 bytes, startup_swm181.o(.text))
<BR><BR>[Calls]<UL><LI><a href="#[2]">&gt;&gt;</a>&nbsp;&nbsp;&nbsp;HardFault_Handler
</UL>
<BR>[Called By]<UL><LI><a href="#[2]">&gt;&gt;</a>&nbsp;&nbsp;&nbsp;HardFault_Handler
</UL>
<BR>[Address Reference Count : 1]<UL><LI> startup_swm181.o(RESET)
</UL>
<P><STRONG><a name="[3]"></a>SVC_Handler</STRONG> (Thumb, 2 bytes, Stack size 0 bytes, startup_swm181.o(.text))
<BR><BR>[Calls]<UL><LI><a href="#[3]">&gt;&gt;</a>&nbsp;&nbsp;&nbsp;SVC_Handler
</UL>
<BR>[Called By]<UL><LI><a href="#[3]">&gt;&gt;</a>&nbsp;&nbsp;&nbsp;SVC_Handler
</UL>
<BR>[Address Reference Count : 1]<UL><LI> startup_swm181.o(RESET)
</UL>
<P><STRONG><a name="[4]"></a>PendSV_Handler</STRONG> (Thumb, 2 bytes, Stack size 0 bytes, startup_swm181.o(.text))
<BR><BR>[Calls]<UL><LI><a href="#[4]">&gt;&gt;</a>&nbsp;&nbsp;&nbsp;PendSV_Handler
</UL>
<BR>[Called By]<UL><LI><a href="#[4]">&gt;&gt;</a>&nbsp;&nbsp;&nbsp;PendSV_Handler
</UL>
<BR>[Address Reference Count : 1]<UL><LI> startup_swm181.o(RESET)
</UL>
<P><STRONG><a name="[5]"></a>SysTick_Handler</STRONG> (Thumb, 2 bytes, Stack size 0 bytes, startup_swm181.o(.text))
<BR><BR>[Calls]<UL><LI><a href="#[5]">&gt;&gt;</a>&nbsp;&nbsp;&nbsp;SysTick_Handler
</UL>
<BR>[Called By]<UL><LI><a href="#[5]">&gt;&gt;</a>&nbsp;&nbsp;&nbsp;SysTick_Handler
</UL>
<BR>[Address Reference Count : 1]<UL><LI> startup_swm181.o(RESET)
</UL>
<P><STRONG><a name="[6]"></a>IRQ0_Handler</STRONG> (Thumb, 2 bytes, Stack size 0 bytes, startup_swm181.o(.text))
<BR><BR>[Calls]<UL><LI><a href="#[6]">&gt;&gt;</a>&nbsp;&nbsp;&nbsp;IRQ0_Handler
</UL>
<BR>[Called By]<UL><LI><a href="#[6]">&gt;&gt;</a>&nbsp;&nbsp;&nbsp;IRQ0_Handler
</UL>
<BR>[Address Reference Count : 1]<UL><LI> startup_swm181.o(RESET)
</UL>
<P><STRONG><a name="[7]"></a>IRQ1_Handler</STRONG> (Thumb, 2 bytes, Stack size 0 bytes, startup_swm181.o(.text))
<BR><BR>[Calls]<UL><LI><a href="#[7]">&gt;&gt;</a>&nbsp;&nbsp;&nbsp;IRQ1_Handler
</UL>
<BR>[Called By]<UL><LI><a href="#[7]">&gt;&gt;</a>&nbsp;&nbsp;&nbsp;IRQ1_Handler
</UL>
<BR>[Address Reference Count : 1]<UL><LI> startup_swm181.o(RESET)
</UL>
<P><STRONG><a name="[8]"></a>IRQ2_Handler</STRONG> (Thumb, 2 bytes, Stack size 0 bytes, startup_swm181.o(.text))
<BR><BR>[Calls]<UL><LI><a href="#[8]">&gt;&gt;</a>&nbsp;&nbsp;&nbsp;IRQ2_Handler
</UL>
<BR>[Called By]<UL><LI><a href="#[8]">&gt;&gt;</a>&nbsp;&nbsp;&nbsp;IRQ2_Handler
</UL>
<BR>[Address Reference Count : 1]<UL><LI> startup_swm181.o(RESET)
</UL>
<P><STRONG><a name="[9]"></a>IRQ3_Handler</STRONG> (Thumb, 2 bytes, Stack size 0 bytes, startup_swm181.o(.text))
<BR><BR>[Calls]<UL><LI><a href="#[9]">&gt;&gt;</a>&nbsp;&nbsp;&nbsp;IRQ3_Handler
</UL>
<BR>[Called By]<UL><LI><a href="#[9]">&gt;&gt;</a>&nbsp;&nbsp;&nbsp;IRQ3_Handler
</UL>
<BR>[Address Reference Count : 1]<UL><LI> startup_swm181.o(RESET)
</UL>
<P><STRONG><a name="[a]"></a>IRQ4_Handler</STRONG> (Thumb, 2 bytes, Stack size 0 bytes, startup_swm181.o(.text))
<BR><BR>[Calls]<UL><LI><a href="#[a]">&gt;&gt;</a>&nbsp;&nbsp;&nbsp;IRQ4_Handler
</UL>
<BR>[Called By]<UL><LI><a href="#[a]">&gt;&gt;</a>&nbsp;&nbsp;&nbsp;IRQ4_Handler
</UL>
<BR>[Address Reference Count : 1]<UL><LI> startup_swm181.o(RESET)
</UL>
<P><STRONG><a name="[b]"></a>IRQ5_Handler</STRONG> (Thumb, 2 bytes, Stack size 0 bytes, startup_swm181.o(.text))
<BR><BR>[Calls]<UL><LI><a href="#[b]">&gt;&gt;</a>&nbsp;&nbsp;&nbsp;IRQ5_Handler
</UL>
<BR>[Called By]<UL><LI><a href="#[b]">&gt;&gt;</a>&nbsp;&nbsp;&nbsp;IRQ5_Handler
</UL>
<BR>[Address Reference Count : 1]<UL><LI> startup_swm181.o(RESET)
</UL>
<P><STRONG><a name="[c]"></a>IRQ6_Handler</STRONG> (Thumb, 2 bytes, Stack size 0 bytes, startup_swm181.o(.text))
<BR><BR>[Calls]<UL><LI><a href="#[c]">&gt;&gt;</a>&nbsp;&nbsp;&nbsp;IRQ6_Handler
</UL>
<BR>[Called By]<UL><LI><a href="#[c]">&gt;&gt;</a>&nbsp;&nbsp;&nbsp;IRQ6_Handler
</UL>
<BR>[Address Reference Count : 1]<UL><LI> startup_swm181.o(RESET)
</UL>
<P><STRONG><a name="[d]"></a>IRQ7_Handler</STRONG> (Thumb, 2 bytes, Stack size 0 bytes, startup_swm181.o(.text))
<BR><BR>[Calls]<UL><LI><a href="#[d]">&gt;&gt;</a>&nbsp;&nbsp;&nbsp;IRQ7_Handler
</UL>
<BR>[Called By]<UL><LI><a href="#[d]">&gt;&gt;</a>&nbsp;&nbsp;&nbsp;IRQ7_Handler
</UL>
<BR>[Address Reference Count : 1]<UL><LI> startup_swm181.o(RESET)
</UL>
<P><STRONG><a name="[e]"></a>IRQ8_Handler</STRONG> (Thumb, 2 bytes, Stack size 0 bytes, startup_swm181.o(.text))
<BR><BR>[Calls]<UL><LI><a href="#[e]">&gt;&gt;</a>&nbsp;&nbsp;&nbsp;IRQ8_Handler
</UL>
<BR>[Called By]<UL><LI><a href="#[e]">&gt;&gt;</a>&nbsp;&nbsp;&nbsp;IRQ8_Handler
</UL>
<BR>[Address Reference Count : 1]<UL><LI> startup_swm181.o(RESET)
</UL>
<P><STRONG><a name="[f]"></a>IRQ9_Handler</STRONG> (Thumb, 2 bytes, Stack size 0 bytes, startup_swm181.o(.text))
<BR><BR>[Calls]<UL><LI><a href="#[f]">&gt;&gt;</a>&nbsp;&nbsp;&nbsp;IRQ9_Handler
</UL>
<BR>[Called By]<UL><LI><a href="#[f]">&gt;&gt;</a>&nbsp;&nbsp;&nbsp;IRQ9_Handler
</UL>
<BR>[Address Reference Count : 1]<UL><LI> startup_swm181.o(RESET)
</UL>
<P><STRONG><a name="[10]"></a>IRQ10_Handler</STRONG> (Thumb, 2 bytes, Stack size 0 bytes, startup_swm181.o(.text))
<BR><BR>[Calls]<UL><LI><a href="#[10]">&gt;&gt;</a>&nbsp;&nbsp;&nbsp;IRQ10_Handler
</UL>
<BR>[Called By]<UL><LI><a href="#[10]">&gt;&gt;</a>&nbsp;&nbsp;&nbsp;IRQ10_Handler
</UL>
<BR>[Address Reference Count : 1]<UL><LI> startup_swm181.o(RESET)
</UL>
<P><STRONG><a name="[11]"></a>IRQ11_Handler</STRONG> (Thumb, 2 bytes, Stack size 0 bytes, startup_swm181.o(.text))
<BR><BR>[Calls]<UL><LI><a href="#[11]">&gt;&gt;</a>&nbsp;&nbsp;&nbsp;IRQ11_Handler
</UL>
<BR>[Called By]<UL><LI><a href="#[11]">&gt;&gt;</a>&nbsp;&nbsp;&nbsp;IRQ11_Handler
</UL>
<BR>[Address Reference Count : 1]<UL><LI> startup_swm181.o(RESET)
</UL>
<P><STRONG><a name="[12]"></a>IRQ12_Handler</STRONG> (Thumb, 2 bytes, Stack size 0 bytes, startup_swm181.o(.text))
<BR><BR>[Calls]<UL><LI><a href="#[12]">&gt;&gt;</a>&nbsp;&nbsp;&nbsp;IRQ12_Handler
</UL>
<BR>[Called By]<UL><LI><a href="#[12]">&gt;&gt;</a>&nbsp;&nbsp;&nbsp;IRQ12_Handler
</UL>
<BR>[Address Reference Count : 1]<UL><LI> startup_swm181.o(RESET)
</UL>
<P><STRONG><a name="[13]"></a>IRQ13_Handler</STRONG> (Thumb, 2 bytes, Stack size 0 bytes, startup_swm181.o(.text))
<BR><BR>[Calls]<UL><LI><a href="#[13]">&gt;&gt;</a>&nbsp;&nbsp;&nbsp;IRQ13_Handler
</UL>
<BR>[Called By]<UL><LI><a href="#[13]">&gt;&gt;</a>&nbsp;&nbsp;&nbsp;IRQ13_Handler
</UL>
<BR>[Address Reference Count : 1]<UL><LI> startup_swm181.o(RESET)
</UL>
<P><STRONG><a name="[14]"></a>IRQ14_Handler</STRONG> (Thumb, 2 bytes, Stack size 0 bytes, startup_swm181.o(.text))
<BR><BR>[Calls]<UL><LI><a href="#[14]">&gt;&gt;</a>&nbsp;&nbsp;&nbsp;IRQ14_Handler
</UL>
<BR>[Called By]<UL><LI><a href="#[14]">&gt;&gt;</a>&nbsp;&nbsp;&nbsp;IRQ14_Handler
</UL>
<BR>[Address Reference Count : 1]<UL><LI> startup_swm181.o(RESET)
</UL>
<P><STRONG><a name="[15]"></a>IRQ15_Handler</STRONG> (Thumb, 2 bytes, Stack size 0 bytes, startup_swm181.o(.text))
<BR><BR>[Calls]<UL><LI><a href="#[15]">&gt;&gt;</a>&nbsp;&nbsp;&nbsp;IRQ15_Handler
</UL>
<BR>[Called By]<UL><LI><a href="#[15]">&gt;&gt;</a>&nbsp;&nbsp;&nbsp;IRQ15_Handler
</UL>
<BR>[Address Reference Count : 1]<UL><LI> startup_swm181.o(RESET)
</UL>
<P><STRONG><a name="[16]"></a>IRQ16_Handler</STRONG> (Thumb, 2 bytes, Stack size 0 bytes, startup_swm181.o(.text))
<BR><BR>[Calls]<UL><LI><a href="#[16]">&gt;&gt;</a>&nbsp;&nbsp;&nbsp;IRQ16_Handler
</UL>
<BR>[Called By]<UL><LI><a href="#[16]">&gt;&gt;</a>&nbsp;&nbsp;&nbsp;IRQ16_Handler
</UL>
<BR>[Address Reference Count : 1]<UL><LI> startup_swm181.o(RESET)
</UL>
<P><STRONG><a name="[17]"></a>IRQ17_Handler</STRONG> (Thumb, 2 bytes, Stack size 0 bytes, startup_swm181.o(.text))
<BR><BR>[Calls]<UL><LI><a href="#[17]">&gt;&gt;</a>&nbsp;&nbsp;&nbsp;IRQ17_Handler
</UL>
<BR>[Called By]<UL><LI><a href="#[17]">&gt;&gt;</a>&nbsp;&nbsp;&nbsp;IRQ17_Handler
</UL>
<BR>[Address Reference Count : 1]<UL><LI> startup_swm181.o(RESET)
</UL>
<P><STRONG><a name="[18]"></a>IRQ18_Handler</STRONG> (Thumb, 2 bytes, Stack size 0 bytes, startup_swm181.o(.text))
<BR><BR>[Calls]<UL><LI><a href="#[18]">&gt;&gt;</a>&nbsp;&nbsp;&nbsp;IRQ18_Handler
</UL>
<BR>[Called By]<UL><LI><a href="#[18]">&gt;&gt;</a>&nbsp;&nbsp;&nbsp;IRQ18_Handler
</UL>
<BR>[Address Reference Count : 1]<UL><LI> startup_swm181.o(RESET)
</UL>
<P><STRONG><a name="[19]"></a>IRQ19_Handler</STRONG> (Thumb, 2 bytes, Stack size 0 bytes, startup_swm181.o(.text))
<BR><BR>[Calls]<UL><LI><a href="#[19]">&gt;&gt;</a>&nbsp;&nbsp;&nbsp;IRQ19_Handler
</UL>
<BR>[Called By]<UL><LI><a href="#[19]">&gt;&gt;</a>&nbsp;&nbsp;&nbsp;IRQ19_Handler
</UL>
<BR>[Address Reference Count : 1]<UL><LI> startup_swm181.o(RESET)
</UL>
<P><STRONG><a name="[1a]"></a>IRQ20_Handler</STRONG> (Thumb, 2 bytes, Stack size 0 bytes, startup_swm181.o(.text))
<BR><BR>[Calls]<UL><LI><a href="#[1a]">&gt;&gt;</a>&nbsp;&nbsp;&nbsp;IRQ20_Handler
</UL>
<BR>[Called By]<UL><LI><a href="#[1a]">&gt;&gt;</a>&nbsp;&nbsp;&nbsp;IRQ20_Handler
</UL>
<BR>[Address Reference Count : 1]<UL><LI> startup_swm181.o(RESET)
</UL>
<P><STRONG><a name="[1b]"></a>IRQ21_Handler</STRONG> (Thumb, 2 bytes, Stack size 0 bytes, startup_swm181.o(.text))
<BR><BR>[Calls]<UL><LI><a href="#[1b]">&gt;&gt;</a>&nbsp;&nbsp;&nbsp;IRQ21_Handler
</UL>
<BR>[Called By]<UL><LI><a href="#[1b]">&gt;&gt;</a>&nbsp;&nbsp;&nbsp;IRQ21_Handler
</UL>
<BR>[Address Reference Count : 1]<UL><LI> startup_swm181.o(RESET)
</UL>
<P><STRONG><a name="[1c]"></a>IRQ22_Handler</STRONG> (Thumb, 2 bytes, Stack size 0 bytes, startup_swm181.o(.text))
<BR><BR>[Calls]<UL><LI><a href="#[1c]">&gt;&gt;</a>&nbsp;&nbsp;&nbsp;IRQ22_Handler
</UL>
<BR>[Called By]<UL><LI><a href="#[1c]">&gt;&gt;</a>&nbsp;&nbsp;&nbsp;IRQ22_Handler
</UL>
<BR>[Address Reference Count : 1]<UL><LI> startup_swm181.o(RESET)
</UL>
<P><STRONG><a name="[1d]"></a>IRQ23_Handler</STRONG> (Thumb, 2 bytes, Stack size 0 bytes, startup_swm181.o(.text))
<BR><BR>[Calls]<UL><LI><a href="#[1d]">&gt;&gt;</a>&nbsp;&nbsp;&nbsp;IRQ23_Handler
</UL>
<BR>[Called By]<UL><LI><a href="#[1d]">&gt;&gt;</a>&nbsp;&nbsp;&nbsp;IRQ23_Handler
</UL>
<BR>[Address Reference Count : 1]<UL><LI> startup_swm181.o(RESET)
</UL>
<P><STRONG><a name="[1e]"></a>IRQ24_Handler</STRONG> (Thumb, 2 bytes, Stack size 0 bytes, startup_swm181.o(.text))
<BR><BR>[Calls]<UL><LI><a href="#[1e]">&gt;&gt;</a>&nbsp;&nbsp;&nbsp;IRQ24_Handler
</UL>
<BR>[Called By]<UL><LI><a href="#[1e]">&gt;&gt;</a>&nbsp;&nbsp;&nbsp;IRQ24_Handler
</UL>
<BR>[Address Reference Count : 1]<UL><LI> startup_swm181.o(RESET)
</UL>
<P><STRONG><a name="[1f]"></a>IRQ25_Handler</STRONG> (Thumb, 2 bytes, Stack size 0 bytes, startup_swm181.o(.text))
<BR><BR>[Calls]<UL><LI><a href="#[1f]">&gt;&gt;</a>&nbsp;&nbsp;&nbsp;IRQ25_Handler
</UL>
<BR>[Called By]<UL><LI><a href="#[1f]">&gt;&gt;</a>&nbsp;&nbsp;&nbsp;IRQ25_Handler
</UL>
<BR>[Address Reference Count : 1]<UL><LI> startup_swm181.o(RESET)
</UL>
<P><STRONG><a name="[20]"></a>IRQ26_Handler</STRONG> (Thumb, 2 bytes, Stack size 0 bytes, startup_swm181.o(.text))
<BR><BR>[Calls]<UL><LI><a href="#[20]">&gt;&gt;</a>&nbsp;&nbsp;&nbsp;IRQ26_Handler
</UL>
<BR>[Called By]<UL><LI><a href="#[20]">&gt;&gt;</a>&nbsp;&nbsp;&nbsp;IRQ26_Handler
</UL>
<BR>[Address Reference Count : 1]<UL><LI> startup_swm181.o(RESET)
</UL>
<P><STRONG><a name="[21]"></a>IRQ27_Handler</STRONG> (Thumb, 2 bytes, Stack size 0 bytes, startup_swm181.o(.text))
<BR><BR>[Calls]<UL><LI><a href="#[21]">&gt;&gt;</a>&nbsp;&nbsp;&nbsp;IRQ27_Handler
</UL>
<BR>[Called By]<UL><LI><a href="#[21]">&gt;&gt;</a>&nbsp;&nbsp;&nbsp;IRQ27_Handler
</UL>
<BR>[Address Reference Count : 1]<UL><LI> startup_swm181.o(RESET)
</UL>
<P><STRONG><a name="[22]"></a>IRQ28_Handler</STRONG> (Thumb, 2 bytes, Stack size 0 bytes, startup_swm181.o(.text))
<BR><BR>[Calls]<UL><LI><a href="#[22]">&gt;&gt;</a>&nbsp;&nbsp;&nbsp;IRQ28_Handler
</UL>
<BR>[Called By]<UL><LI><a href="#[22]">&gt;&gt;</a>&nbsp;&nbsp;&nbsp;IRQ28_Handler
</UL>
<BR>[Address Reference Count : 1]<UL><LI> startup_swm181.o(RESET)
</UL>
<P><STRONG><a name="[23]"></a>IRQ29_Handler</STRONG> (Thumb, 2 bytes, Stack size 0 bytes, startup_swm181.o(.text))
<BR><BR>[Calls]<UL><LI><a href="#[23]">&gt;&gt;</a>&nbsp;&nbsp;&nbsp;IRQ29_Handler
</UL>
<BR>[Called By]<UL><LI><a href="#[23]">&gt;&gt;</a>&nbsp;&nbsp;&nbsp;IRQ29_Handler
</UL>
<BR>[Address Reference Count : 1]<UL><LI> startup_swm181.o(RESET)
</UL>
<P><STRONG><a name="[24]"></a>IRQ30_Handler</STRONG> (Thumb, 2 bytes, Stack size 0 bytes, startup_swm181.o(.text))
<BR><BR>[Calls]<UL><LI><a href="#[24]">&gt;&gt;</a>&nbsp;&nbsp;&nbsp;IRQ30_Handler
</UL>
<BR>[Called By]<UL><LI><a href="#[24]">&gt;&gt;</a>&nbsp;&nbsp;&nbsp;IRQ30_Handler
</UL>
<BR>[Address Reference Count : 1]<UL><LI> startup_swm181.o(RESET)
</UL>
<P><STRONG><a name="[25]"></a>IRQ31_Handler</STRONG> (Thumb, 2 bytes, Stack size 0 bytes, startup_swm181.o(.text))
<BR><BR>[Calls]<UL><LI><a href="#[25]">&gt;&gt;</a>&nbsp;&nbsp;&nbsp;IRQ31_Handler
</UL>
<BR>[Called By]<UL><LI><a href="#[25]">&gt;&gt;</a>&nbsp;&nbsp;&nbsp;IRQ31_Handler
</UL>
<BR>[Address Reference Count : 1]<UL><LI> startup_swm181.o(RESET)
</UL>
<P><STRONG><a name="[6e]"></a>__aeabi_uidiv</STRONG> (Thumb, 0 bytes, Stack size 12 bytes, uidiv.o(.text), UNUSED)

<P><STRONG><a name="[3a]"></a>__aeabi_uidivmod</STRONG> (Thumb, 44 bytes, Stack size 12 bytes, uidiv.o(.text))
<BR><BR>[Stack]<UL><LI>Max Depth = 12<LI>Call Chain = __aeabi_uidivmod
</UL>
<BR>[Called By]<UL><LI><a href="#[3c]">&gt;&gt;</a>&nbsp;&nbsp;&nbsp;UART_GetBaudrate
<LI><a href="#[3b]">&gt;&gt;</a>&nbsp;&nbsp;&nbsp;UART_SetBaudrate
<LI><a href="#[30]">&gt;&gt;</a>&nbsp;&nbsp;&nbsp;UART_Init
</UL>

<P><STRONG><a name="[2a]"></a>__scatterload</STRONG> (Thumb, 28 bytes, Stack size 0 bytes, init.o(.text))
<BR><BR>[Calls]<UL><LI><a href="#[41]">&gt;&gt;</a>&nbsp;&nbsp;&nbsp;__main_after_scatterload
</UL>
<BR>[Called By]<UL><LI><a href="#[29]">&gt;&gt;</a>&nbsp;&nbsp;&nbsp;_main_scatterload
</UL>

<P><STRONG><a name="[6f]"></a>__scatterload_rt2</STRONG> (Thumb, 0 bytes, Stack size 0 bytes, init.o(.text), UNUSED)

<P><STRONG><a name="[42]"></a>__0printf$bare</STRONG> (Thumb, 12 bytes, Stack size 8 bytes, printfb.o(i.__0printf$bare), UNUSED)
<BR><BR>[Calls]<UL><LI><a href="#[43]">&gt;&gt;</a>&nbsp;&nbsp;&nbsp;_printf_core
</UL>

<P><STRONG><a name="[70]"></a>__1printf$bare</STRONG> (Thumb, 0 bytes, Stack size 8 bytes, printfb.o(i.__0printf$bare), UNUSED)

<P><STRONG><a name="[36]"></a>__2printf</STRONG> (Thumb, 0 bytes, Stack size 8 bytes, printfb.o(i.__0printf$bare))
<BR><BR>[Stack]<UL><LI>Max Depth = 8<LI>Call Chain = __2printf
</UL>
<BR>[Called By]<UL><LI><a href="#[26]">&gt;&gt;</a>&nbsp;&nbsp;&nbsp;main
</UL>

<P><STRONG><a name="[71]"></a>__scatterload_copy</STRONG> (Thumb, 14 bytes, Stack size unknown bytes, handlers.o(i.__scatterload_copy), UNUSED)

<P><STRONG><a name="[72]"></a>__scatterload_null</STRONG> (Thumb, 2 bytes, Stack size unknown bytes, handlers.o(i.__scatterload_null), UNUSED)

<P><STRONG><a name="[73]"></a>__scatterload_zeroinit</STRONG> (Thumb, 14 bytes, Stack size unknown bytes, handlers.o(i.__scatterload_zeroinit), UNUSED)
<P>
<H3>
Local Symbols
</H3>
<P><STRONG><a name="[2b]"></a>protothread1</STRONG> (Thumb, 50 bytes, Stack size 16 bytes, main.o(.text))
<BR><BR>[Stack]<UL><LI>Max Depth = 16<LI>Call Chain = protothread1
</UL>
<BR>[Calls]<UL><LI><a href="#[2c]">&gt;&gt;</a>&nbsp;&nbsp;&nbsp;GPIO_InvBit
</UL>
<BR>[Called By]<UL><LI><a href="#[26]">&gt;&gt;</a>&nbsp;&nbsp;&nbsp;main
</UL>

<P><STRONG><a name="[2d]"></a>protothread2</STRONG> (Thumb, 50 bytes, Stack size 16 bytes, main.o(.text))
<BR><BR>[Stack]<UL><LI>Max Depth = 16<LI>Call Chain = protothread2
</UL>
<BR>[Calls]<UL><LI><a href="#[2c]">&gt;&gt;</a>&nbsp;&nbsp;&nbsp;GPIO_InvBit
</UL>
<BR>[Called By]<UL><LI><a href="#[26]">&gt;&gt;</a>&nbsp;&nbsp;&nbsp;main
</UL>

<P><STRONG><a name="[3d]"></a>switchToXTAL</STRONG> (Thumb, 66 bytes, Stack size 8 bytes, system_swm181.o(.text), UNUSED)
<BR><BR>[Calls]<UL><LI><a href="#[2f]">&gt;&gt;</a>&nbsp;&nbsp;&nbsp;PORT_Init
</UL>

<P><STRONG><a name="[3f]"></a>switchToRC24MHz</STRONG> (Thumb, 26 bytes, Stack size 0 bytes, system_swm181.o(.text))
<BR><BR>[Called By]<UL><LI><a href="#[32]">&gt;&gt;</a>&nbsp;&nbsp;&nbsp;SystemInit
</UL>

<P><STRONG><a name="[3e]"></a>switchToRC32KHz</STRONG> (Thumb, 26 bytes, Stack size 0 bytes, system_swm181.o(.text))
<BR><BR>[Called By]<UL><LI><a href="#[32]">&gt;&gt;</a>&nbsp;&nbsp;&nbsp;SystemInit
</UL>

<P><STRONG><a name="[43]"></a>_printf_core</STRONG> (Thumb, 30 bytes, Stack size 24 bytes, printfb.o(i._printf_core), UNUSED)
<BR><BR>[Called By]<UL><LI><a href="#[42]">&gt;&gt;</a>&nbsp;&nbsp;&nbsp;__0printf$bare
</UL>
<P>
<H3>
Undefined Global Symbols
</H3><HR></body></html>
